JSCompiler_StaticMethods__peek_at:nm
JSCompiler_StaticMethods__run:im
JSCompiler_StaticMethods__set_opts:om
JSCompiler_StaticMethods_add_after_render:Wl
JSCompiler_StaticMethods_assoc_BANG_:Zh
JSCompiler_StaticMethods_cleanUpTimeoutTimer_:Yq
JSCompiler_StaticMethods_cleanUpXhr_:ar
JSCompiler_StaticMethods_cleanupKeysArray_:Eb
JSCompiler_StaticMethods_cljs$core$ITransientVector$_assoc_n_BANG_$arity$3:Ug
JSCompiler_StaticMethods_convert:yo
JSCompiler_StaticMethods_createInstance:Sq
JSCompiler_StaticMethods_decodeArray:Fo
JSCompiler_StaticMethods_dispatchErrors_:$q
JSCompiler_StaticMethods_div:Da
JSCompiler_StaticMethods_emitString:gp
JSCompiler_StaticMethods_entry_at:mi
JSCompiler_StaticMethods_error_:Xq
JSCompiler_StaticMethods_fireListeners:Lq
JSCompiler_StaticMethods_flush_after_render:Ul
JSCompiler_StaticMethods_forceChunk:zi
JSCompiler_StaticMethods_getOptions:Oq
JSCompiler_StaticMethods_getProgId_:Pq
JSCompiler_StaticMethods_getReadyState:cr
JSCompiler_StaticMethods_isZero:Ga
JSCompiler_StaticMethods_markAsRemoved:qq
JSCompiler_StaticMethods_negate:Ha
JSCompiler_StaticMethods_onReadyStateChangeHelper_:br
JSCompiler_StaticMethods_parseString:Eo
JSCompiler_StaticMethods_removeByKey:tq
JSCompiler_StaticMethods_schedule:Vl
JSCompiler_StaticMethods_shiftRightUnsigned:Na
JSCompiler_StaticMethods_subtract:Fa
JSCompiler_StaticMethods_sval:gf
JSCompiler_StaticMethods_toNumber:za
JSCompiler_inline_result$jscomp$232:dq
JSCompiler_prototypeAlias:g
JSCompiler_temp$jscomp$231:gq
JSCompiler_temp$jscomp$243:ur
L 0:a
L 1:b
L 10:n
L 11:q
L 12:r
L 13:A
L 14:E
L 15:K
L 16:W
L 17:ka
L 18:Ca
L 19:Ua
L 2:c
L 20:rb
L 21:xa
L 22:y
L 23:H
L 24:I
L 25:J
L 26:O
L 27:Q
L 28:S
L 29:V
L 3:d
L 30:Z
L 31:aa
L 32:da
L 33:ma
L 34:ua
L 35:Aa
L 36:Ea
L 37:Pa
L 38:gb
L 39:qb
L 4:e
L 40:Kb
L 41:xc
L 42:je
L 43:ng
L 5:f
L 6:h
L 7:k
L 8:l
L 9:m
ajax$core$GET$cljs$0core$0IFn$0_invoke$0arity$0variadic:xr
ajax$easy$default_error_handler:pr
ajax$easy$default_formats:kr
ajax$easy$default_handler:or
ajax$easy$easy_ajax_request:rr
ajax$easy$keyword_request_format:lr
ajax$easy$keyword_response_format:nr
ajax$easy$keyword_response_format_element:mr
ajax$easy$transform_handler:qr
ajax$formats$content_type_matches$cljs$0core$0IFn$0_invoke$0arity$01:Np
ajax$formats$detect_content_type$cljs$0core$0IFn$0_invoke$0arity$02:Op
ajax$formats$detect_response_format:Pn
ajax$formats$detect_response_format_read$cljs$0core$0IFn$0_invoke$0arity$01:Pp
ajax$formats$get_accept_entries$cljs$0core$0IFn$0_invoke$0arity$01:Mp
ajax$formats$get_accept_entries$cljs$0core$0IFn$0_invoke$0arity$02:Lp
ajax$formats$get_format$cljs$0core$0IFn$0_invoke$0arity$02:Kp
ajax$formats$raw_response_format:Jp
ajax$interceptors$ApplyRequestFormat:Jn
ajax$interceptors$DirectSubmission:Mn
ajax$interceptors$ProcessUrlParameters:Ln
ajax$interceptors$ResponseFormat:Hn
ajax$interceptors$content_type_to_request_header:Gn
ajax$interceptors$fail:Fn
ajax$interceptors$get_response_format:On
ajax$interceptors$map__GT_ResponseFormat:In
ajax$interceptors$request_interceptors:Nn
ajax$interceptors$uri_with_params$cljs$0core$0IFn$0_invoke$0arity$01:Kn
ajax$json$json_request_format:Rn
ajax$json$json_response_format:Qn
ajax$protocols$_body:pn
ajax$protocols$_get_all_headers:on
ajax$protocols$_get_response_header:qn
ajax$protocols$_js_ajax_request:ln
ajax$protocols$_process_request:sn
ajax$protocols$_process_response:tn
ajax$protocols$_status:mn
ajax$protocols$_status_text:nn
ajax$protocols$_was_aborted:rn
ajax$ring$make_ring_read:Qp
ajax$simple$default_interceptors:hr
ajax$simple$js_handler$cljs$0core$0IFn$0_invoke$0arity$02:gr
ajax$simple$normalize_method:er
ajax$simple$normalize_request:ir
ajax$simple$process_request:jr
ajax$simple$process_response:fr
ajax$transit$transit_read_fn:Hp
ajax$transit$transit_request_format$cljs$0core$0IFn$0_invoke$0arity$01:Gp
ajax$transit$transit_response_format:Ip
ajax$transit$transit_type:Ep
ajax$transit$transit_write_fn:Fp
ajax$url$key_encode:vn
ajax$url$key_value_pair_to_str:xn
ajax$url$param_to_key_value_pairs$cljs$0core$0IFn$0_invoke$0arity$02:Bn
ajax$url$param_to_key_value_pairs$cljs$0core$0IFn$0_invoke$0arity$03:An
ajax$url$params_to_str$cljs$0core$0IFn$0_invoke$0arity$01:Dn
ajax$url$params_to_str$cljs$0core$0IFn$0_invoke$0arity$02:Cn
ajax$url$to_vec_key_transform:zn
ajax$url$url_request_format$cljs$0core$0IFn$0_invoke$0arity$01:En
ajax$url$value_encode:wn
ajax$url$vec_key_transform_fn$cljs$0core$0IFn$0_invoke$0arity$01:yn
ajax$util$throw_error:un
ajax$xml_http_request$append:lg
ajax$xml_http_request$process_headers:tr
ajax$xml_http_request$ready_state:sr
ajax$xml_http_request$xmlhttprequest:wr
arr$jscomp$inline_1305:aq
cljs:Ib
cljs$core:Jb
cljs$core$ArrayChunk:jf
cljs$core$ArrayIter:Gf
cljs$core$ArrayNode:zh
cljs$core$ArrayNodeIterator:Dh
cljs$core$ArrayNodeSeq:Kh
cljs$core$Atom:Yf
cljs$core$BitmapIndexedNode:vh
cljs$core$BitmapIndexedNode$EMPTY:yh
cljs$core$BlackNode:di
cljs$core$Box:oh
cljs$core$ChunkBuffer:hf
cljs$core$ChunkedCons:lf
cljs$core$ChunkedSeq:Og
cljs$core$Cons:af
cljs$core$EMPTY:Pf
cljs$core$ES6EntriesIterator:ch
cljs$core$ES6Iterator:Ld
cljs$core$ES6IteratorSeq:Nd
cljs$core$ES6SetEntriesIterator:dh
cljs$core$Eduction:Yi
cljs$core$Empty:Of
cljs$core$EmptyList:$e
cljs$core$Fn:dc
cljs$core$HashCollisionNode:Hh
cljs$core$HashMapIter:Mh
cljs$core$HashSetIter:ti
cljs$core$ICollection:kc
cljs$core$ICounted:gc
cljs$core$IEmptyableCollection:ic
cljs$core$IEncodeClojure:dj
cljs$core$IEncodeJS:Zi
cljs$core$IFn:ec
cljs$core$IIndexed:mc
cljs$core$IIndexed$_nth$dyn_9301:oc
cljs$core$IIterable:rd
cljs$core$IKVReduce:Qc
cljs$core$IList:Xc
cljs$core$ILookup:tc
cljs$core$ILookup$_lookup$dyn_9317:vc
cljs$core$IMap:zc
cljs$core$IMeta:Kc
cljs$core$INIT:Hf
cljs$core$INext:sc
cljs$core$IPrintWithWriter:bd
cljs$core$IRecord:Yc
cljs$core$IReduce:Nc
cljs$core$IReduce$_reduce$dyn_9353:Pc
cljs$core$IReversible:Zc
cljs$core$ISeq:pc
cljs$core$ISeqable:Uc
cljs$core$ISequential:Wc
cljs$core$ISet:Dc
cljs$core$ISwap$_swap_BANG_$dyn_9534:qd
cljs$core$ITER_SYMBOL:Yb
cljs$core$IVector:Hc
cljs$core$IndexedSeq:F
cljs$core$IndexedSeqIterator:ge
cljs$core$KeySeq:Uh
cljs$core$Keyword:C
cljs$core$LazySeq:ff
cljs$core$List:re
cljs$core$List$EMPTY:Kd
cljs$core$Many:Lf
cljs$core$MapEntry:Cg
cljs$core$MetaFn:ye
cljs$core$NONE:Mf
cljs$core$NeverEquiv:Zg
cljs$core$NodeIterator:uh
cljs$core$NodeSeq:Ih
cljs$core$PROTOCOL_SENTINEL:t
cljs$core$PersistentArrayMap:u
cljs$core$PersistentArrayMap$EMPTY:Ef
cljs$core$PersistentArrayMap$HASHMAP_THRESHOLD:kh
cljs$core$PersistentArrayMap$createAsIfByAssoc:ve
cljs$core$PersistentArrayMap$fromArray:mh
cljs$core$PersistentArrayMapIterator:gh
cljs$core$PersistentArrayMapSeq:fh
cljs$core$PersistentHashMap:Nh
cljs$core$PersistentHashMap$EMPTY:lh
cljs$core$PersistentHashMap$fromArrays:Ph
cljs$core$PersistentHashSet:Sh
cljs$core$PersistentHashSet$EMPTY:vi
cljs$core$PersistentQueue:Xg
cljs$core$PersistentQueue$EMPTY:Yg
cljs$core$PersistentQueueIter:Vg
cljs$core$PersistentQueueSeq:Wg
cljs$core$PersistentTreeMap:Th
cljs$core$PersistentTreeMapSeq:Yh
cljs$core$PersistentTreeSet:Vh
cljs$core$PersistentVector:X
cljs$core$PersistentVector$EMPTY:qe
cljs$core$PersistentVector$EMPTY_NODE:Y
cljs$core$PersistentVector$fromArray:Ig
cljs$core$RSeq:he
cljs$core$Range:Xh
cljs$core$RangeChunk:xi
cljs$core$RangeIterator:yi
cljs$core$RangedIterator:yg
cljs$core$RecordIter:bh
cljs$core$RedNode:ci
cljs$core$Reduced:Td
cljs$core$Repeat:eg
cljs$core$START:If
cljs$core$SeqIter:Jf
cljs$core$Single:Nf
cljs$core$StringBufferWriter:td
cljs$core$StringIter:Ff
cljs$core$Subvec:Qg
cljs$core$Symbol:Fd
cljs$core$TransformerIterator:Rf
cljs$core$TransientArrayMap:jh
cljs$core$TransientHashMap:Oh
cljs$core$TransientHashSet:ui
cljs$core$TransientVector:Dg
cljs$core$UUID:Wh
cljs$core$ValSeq:Qh
cljs$core$VectorNode:mg
cljs$core$_EQ_:N
cljs$core$_STAR_print_fn_STAR_:Mb
cljs$core$_STAR_print_level_STAR_:Ob
cljs$core$_STAR_print_newline_STAR_:Nb
cljs$core$_add_watch:dd
cljs$core$_as_transient:gd
cljs$core$_assoc:wc
cljs$core$_assoc_BANG_:jd
cljs$core$_assoc_n:Ic
cljs$core$_chunked_first:ld
cljs$core$_chunked_rest:nd
cljs$core$_clj__GT_js:$i
cljs$core$_clone:fc
cljs$core$_conj:lc
cljs$core$_conj_BANG_:hd
cljs$core$_count:hc
cljs$core$_deref:Jc
cljs$core$_disjoin:Ec
cljs$core$_dissoc:Ac
cljs$core$_drop_first:kd
cljs$core$_empty:jc
cljs$core$_equiv:Sc
cljs$core$_find:yc
cljs$core$_first:qc
cljs$core$_hash:Tc
cljs$core$_indexOf$cljs$0core$0IFn$0_invoke$0arity$03:P
cljs$core$_iterator:sd
cljs$core$_js__GT_clj:ej
cljs$core$_key:Bc
cljs$core$_kv_reduce:Rc
cljs$core$_lastIndexOf$cljs$0core$0IFn$0_invoke$0arity$03:T
cljs$core$_lookup:uc
cljs$core$_meta:Lc
cljs$core$_nth:nc
cljs$core$_peek:Fc
cljs$core$_persistent_BANG_:id
cljs$core$_pop:Gc
cljs$core$_pr_writer:cd
cljs$core$_reduce:Oc
cljs$core$_remove_watch:fd
cljs$core$_reset_BANG_:od
cljs$core$_rest:rc
cljs$core$_rseq:$c
cljs$core$_seq:Vc
cljs$core$_swap_BANG_:pd
cljs$core$_val:Cc
cljs$core$_with_meta:Mc
cljs$core$_write:ad
cljs$core$aclone:Zb
cljs$core$apply:ze
cljs$core$apply$cljs$0core$0IFn$0_invoke$0arity$02:yf
cljs$core$apply$cljs$0core$0IFn$0_invoke$0arity$03:zf
cljs$core$apply$cljs$0core$0IFn$0_invoke$0arity$05:Af
cljs$core$apply$cljs$0core$0IFn$0_invoke$0arity$0variadic:Bf
cljs$core$apply_to:sf
cljs$core$apply_to_simple$cljs$0core$0IFn$0_invoke$0arity$03:uf
cljs$core$apply_to_simple$cljs$0core$0IFn$0_invoke$0arity$04:vf
cljs$core$apply_to_simple$cljs$0core$0IFn$0_invoke$0arity$05:wf
cljs$core$apply_to_simple$cljs$0core$0IFn$0_invoke$0arity$06:xf
cljs$core$array_QMARK_:Wb
cljs$core$array__GT_transient_hash_map:nh
cljs$core$array_copy:Le
cljs$core$array_for:vg
cljs$core$array_index_of:eh
cljs$core$array_map:oi
cljs$core$array_reduce$cljs$0core$0IFn$0_invoke$0arity$02:$d
cljs$core$array_reduce$cljs$0core$0IFn$0_invoke$0arity$03:ae
cljs$core$array_reduce$cljs$0core$0IFn$0_invoke$0arity$04:be
cljs$core$assoc:ue
cljs$core$balance_left:bi
cljs$core$balance_left_del:fi
cljs$core$balance_right:ei
cljs$core$balance_right_del:gi
cljs$core$bit_count:Ze
cljs$core$boolean$0:Oe
cljs$core$bounded_count:of
cljs$core$build_subvec:Rg
cljs$core$char_escapes:Hi
cljs$core$chunkIteratorSeq:Qf
cljs$core$chunk_append:nf
cljs$core$chunk_buffer:kf
cljs$core$chunk_cons:mf
cljs$core$chunked_seq:Hg
cljs$core$chunked_seq$cljs$0core$0IFn$0_invoke$0arity$04:Gg
cljs$core$chunked_seq$cljs$0core$0IFn$0_invoke$0arity$05:Pg
cljs$core$chunked_seq_QMARK_:Ke
cljs$core$ci_reduce$cljs$0core$0IFn$0_invoke$0arity$02:Yd
cljs$core$ci_reduce$cljs$0core$0IFn$0_invoke$0arity$03:Zd
cljs$core$clj__GT_js:bj
cljs$core$clone_and_set$cljs$0core$0IFn$0_invoke$0arity$03:qh
cljs$core$coll_QMARK_:Ee
cljs$core$completing$cljs$0core$0IFn$0_invoke$0arity$02:We
cljs$core$concat:qf
cljs$core$conj:pe
cljs$core$conj_BANG_:rf
cljs$core$cons:ke
cljs$core$contains_QMARK_:Qe
cljs$core$count:R
cljs$core$counted_QMARK_:ce
cljs$core$create_array_node_seq:Fh
cljs$core$create_array_node_seq$cljs$0core$0IFn$0_invoke$0arity$01:Eh
cljs$core$create_array_node_seq$cljs$0core$0IFn$0_invoke$0arity$03:Lh
cljs$core$create_inode_seq:xh
cljs$core$create_inode_seq$cljs$0core$0IFn$0_invoke$0arity$01:wh
cljs$core$create_inode_seq$cljs$0core$0IFn$0_invoke$0arity$03:Jh
cljs$core$create_node:Bh
cljs$core$create_node$cljs$0core$0IFn$0_invoke$0arity$06:Ch
cljs$core$create_node$cljs$0core$0IFn$0_invoke$0arity$07:Ah
cljs$core$create_tree_map_seq:ai
cljs$core$deref:Xd
cljs$core$disj:Ce
cljs$core$dissoc:we
cljs$core$do_assoc:wg
cljs$core$doall$cljs$0core$0IFn$0_invoke$0arity$01:Ai
cljs$core$drop$cljs$0core$0IFn$0_invoke$0arity$02:cg
cljs$core$drop_last$cljs$0core$0IFn$0_invoke$0arity$02:dg
cljs$core$edit_and_set$cljs$0core$0IFn$0_invoke$0arity$04:sh
cljs$core$empty:se
cljs$core$empty_QMARK_:De
cljs$core$empty_ordered_hash:Pd
cljs$core$empty_unordered_hash:Rd
cljs$core$enable_console_print_BANG_:Vb
cljs$core$equiv_map:ah
cljs$core$equiv_sequential:ie
cljs$core$es6_iterator:Md
cljs$core$es6_iterator_seq:Id
cljs$core$every_QMARK_:Tf
cljs$core$filter$cljs$0core$0IFn$0_invoke$0arity$02:gg
cljs$core$first:G
cljs$core$fn_QMARK_:xe
cljs$core$gensym$cljs$0core$0IFn$0_invoke$0arity$01:Xi
cljs$core$gensym_counter:Wi
cljs$core$get:B
cljs$core$hash:Dd
cljs$core$hash_collision_node_find_index:Gh
cljs$core$hash_combine:Ed
cljs$core$hash_map:ni
cljs$core$hash_ordered_coll:Od
cljs$core$hash_string:Cd
cljs$core$hash_unordered_coll:Qd
cljs$core$identity:Ve
cljs$core$ifn_QMARK_:Pe
cljs$core$imul:vd
cljs$core$inc:Sd
cljs$core$indexed_QMARK_:de
cljs$core$inode_kv_reduce:th
cljs$core$into:hg
cljs$core$into_array$cljs$0core$0IFn$0_invoke$0arity$02:$b
cljs$core$iter:Kf
cljs$core$iter_reduce$cljs$0core$0IFn$0_invoke$0arity$02:Re
cljs$core$iter_reduce$cljs$0core$0IFn$0_invoke$0arity$03:Se
cljs$core$iterable_QMARK_:Hd
cljs$core$js__GT_clj$cljs$0core$0IFn$0_invoke$0arity$0variadic:fj
cljs$core$js_symbol_QMARK_:cc
cljs$core$keep$cljs$0core$0IFn$0_invoke$0arity$02:Xf
cljs$core$key:Lg
cljs$core$key__GT_js$cljs$0core$0IFn$0_invoke$0arity$02:aj
cljs$core$key_test:ph
cljs$core$keys:hh
cljs$core$keyword:df
cljs$core$keyword_identical_QMARK_:bf
cljs$core$lift_ns:Ti
cljs$core$linear_traversal_nth$cljs$0core$0IFn$0_invoke$0arity$03:te
cljs$core$lookup_sentinel:Me
cljs$core$m3_fmix:yd
cljs$core$m3_hash_unencoded_chars:zd
cljs$core$m3_mix_H1:xd
cljs$core$m3_mix_K1:wd
cljs$core$map:ag
cljs$core$map_QMARK_:He
cljs$core$map_entry_QMARK_:Kg
cljs$core$map_indexed$cljs$0core$0IFn$0_invoke$0arity$02:Wf
cljs$core$mapcat$cljs$0core$0IFn$0_invoke$0arity$0variadic:fg
cljs$core$merge:pi
cljs$core$meta:Be
cljs$core$missing_protocol:x
cljs$core$name:ef
cljs$core$namespace:cf
cljs$core$native_satisfies_QMARK_:w
cljs$core$never_equiv:$g
cljs$core$new_path:rg
cljs$core$next:M
cljs$core$next_STAR_:tf
cljs$core$nil_iter:Df
cljs$core$not_empty:Cf
cljs$core$nth:fe
cljs$core$nth$cljs$0core$0IFn$0_invoke$0arity$02:ee
cljs$core$nth$cljs$0core$0IFn$0_invoke$0arity$03:U
cljs$core$partial:Vf
cljs$core$partition$cljs$0core$0IFn$0_invoke$0arity$03:ig
cljs$core$pop_tail:xg
cljs$core$pr_opts:Pb
cljs$core$pr_sb_with_opts:Pi
cljs$core$pr_sequential_writer:Di
cljs$core$pr_str_STAR_:ud
cljs$core$pr_str_with_opts:Qi
cljs$core$pr_writer:Li
cljs$core$pr_writer_impl:Ki
cljs$core$prim_seq$cljs$0core$0IFn$0_invoke$0arity$02:le
cljs$core$print_map:Mi
cljs$core$print_meta_QMARK_:Ji
cljs$core$print_prefix_map:Ui
cljs$core$println$cljs$0core$0IFn$0_invoke$0arity$0variadic:Ri
cljs$core$push_tail:sg
cljs$core$pv_clone_node:pg
cljs$core$pv_fresh_node:og
cljs$core$pv_reduce$cljs$0core$0IFn$0_invoke$0arity$04:Ag
cljs$core$pv_reduce$cljs$0core$0IFn$0_invoke$0arity$05:Bg
cljs$core$quot:Ye
cljs$core$quote_string:Ii
cljs$core$ranged_iterator:zg
cljs$core$re_find:Ci
cljs$core$re_matches:Bi
cljs$core$record_QMARK_:Ie
cljs$core$reduce:bc
cljs$core$reduce$cljs$0core$0IFn$0_invoke$0arity$02:Te
cljs$core$reduce$cljs$0core$0IFn$0_invoke$0arity$03:ac
cljs$core$reduce_kv:Ue
cljs$core$reduced:Ud
cljs$core$reduced_QMARK_:Vd
cljs$core$remove_pair:rh
cljs$core$reset_BANG_:Zf
cljs$core$rest:Jd
cljs$core$select_keys:qi
cljs$core$seq:D
cljs$core$seq_QMARK_:Ne
cljs$core$seq_reduce:ne
cljs$core$seq_reduce$cljs$0core$0IFn$0_invoke$0arity$02:me
cljs$core$seq_reduce$cljs$0core$0IFn$0_invoke$0arity$03:oe
cljs$core$sequential_QMARK_:Ge
cljs$core$set:wi
cljs$core$set_QMARK_:Fe
cljs$core$some:Uf
cljs$core$spread:pf
cljs$core$str:z
cljs$core$string_hash_cache:Ad
cljs$core$string_hash_cache_count:Bd
cljs$core$string_print:Gi
cljs$core$strip_ns:Si
cljs$core$swap_BANG_:$f
cljs$core$symbol:Gd
cljs$core$t_cljs$0core7973:Lb
cljs$core$tail_off:qg
cljs$core$take$cljs$0core$0IFn$0_invoke$0arity$02:bg
cljs$core$transduce$cljs$0core$0IFn$0_invoke$0arity$04:Xe
cljs$core$transformer_iterator:Sf
cljs$core$tree_map_add:ii
cljs$core$tree_map_append:ji
cljs$core$tree_map_kv_reduce:hi
cljs$core$tree_map_remove:ki
cljs$core$tree_map_replace:li
cljs$core$tree_map_seq_push:$h
cljs$core$truth_:v
cljs$core$tv_editable_root:Eg
cljs$core$tv_editable_tail:Fg
cljs$core$tv_ensure_editable:Sg
cljs$core$tv_push_tail:Tg
cljs$core$type__GT_str:Xb
cljs$core$unchecked_array_for:ug
cljs$core$unreduced:Wd
cljs$core$update$cljs$0core$0IFn$0_invoke$0arity$03:jg
cljs$core$update$cljs$0core$0IFn$0_invoke$0arity$04:kg
cljs$core$val:Mg
cljs$core$vals:ih
cljs$core$vec:Jg
cljs$core$vector:Ng
cljs$core$vector_QMARK_:Je
cljs$core$vector_index_out_of_bounds:tg
cljs$core$with_meta:Ae
cljs$core$write_all$cljs$0core$0IFn$0_invoke$0arity$0variadic:Fi
cljs$cst$keyword$_LT__GT_:mk
cljs$cst$keyword$a:Hk
cljs$cst$keyword$aborted:Dk
cljs$cst$keyword$address:cl
cljs$cst$keyword$alt_DASH_impl:Ni
cljs$cst$keyword$api:qk
cljs$cst$keyword$aria_DASH_expanded:nl
cljs$cst$keyword$aria_DASH_haspopup:hj
cljs$cst$keyword$auto_DASH_run:pj
cljs$cst$keyword$birth_date:jl
cljs$cst$keyword$body:yj
cljs$cst$keyword$button_DOT_btn_DOT_btn_DASH_primary:Zk
cljs$cst$keyword$button_SHARP_dropdownMenuButton_DOT_btn_DOT_btn_DASH_light_DOT_btn_DASH_sm_DOT_dropdown_DASH_toggle:zk
cljs$cst$keyword$childContextTypes:Hj
cljs$cst$keyword$class:Kj
cljs$cst$keyword$cljsLegacyRender:Qj
cljs$cst$keyword$cljs_DOT_core_SLASH_not_DASH_found:si
cljs$cst$keyword$color:Vj
cljs$cst$keyword$componentWillUnmount:Jk
cljs$cst$keyword$component_DASH_did_DASH_update:wk
cljs$cst$keyword$component_DASH_will_DASH_unmount:fl
cljs$cst$keyword$connection_DASH_established:al
cljs$cst$keyword$constructor:Fj
cljs$cst$keyword$content_DASH_type:tj
cljs$cst$keyword$contextType:Kk
cljs$cst$keyword$contextTypes:Vk
cljs$cst$keyword$data_DASH_toggle:kl
cljs$cst$keyword$default:gk
cljs$cst$keyword$description:Lj
cljs$cst$keyword$displayName:uj
cljs$cst$keyword$display_DASH_name:Uk
cljs$cst$keyword$div:Pk
cljs$cst$keyword$div_DOT_card:xk
cljs$cst$keyword$div_DOT_card_DASH_body:$k
cljs$cst$keyword$div_DOT_col_DASH_1:Tj
cljs$cst$keyword$div_DOT_col_DASH_1_DOT_dropdown:ml
cljs$cst$keyword$div_DOT_col_DASH_2:Sj
cljs$cst$keyword$div_DOT_col_DASH_3:Rj
cljs$cst$keyword$div_DOT_col_DASH_6:Oj
cljs$cst$keyword$div_DOT_col_DASH_sm_DASH_12_DOT_col_DASH_md_DASH_4:oj
cljs$cst$keyword$div_DOT_col_DASH_sm_DASH_12_DOT_col_DASH_md_DASH_7:qj
cljs$cst$keyword$div_DOT_dropdown_DASH_menu:lk
cljs$cst$keyword$div_DOT_jumbotron:jk
cljs$cst$keyword$div_DOT_row:Mj
cljs$cst$keyword$div_DOT_row_DOT_container_DASH_fluid:sk
cljs$cst$keyword$div_DOT_text_DASH_center:kk
cljs$cst$keyword$dup:Tb
cljs$cst$keyword$error:Mk
cljs$cst$keyword$error_DASH_handler:Wk
cljs$cst$keyword$exception:nk
cljs$cst$keyword$failed:Ck
cljs$cst$keyword$failure:Jj
cljs$cst$keyword$fallback_DASH_impl:Oi
cljs$cst$keyword$finally:Nj
cljs$cst$keyword$flush_DASH_on_DASH_newline:Qb
cljs$cst$keyword$form:Lk
cljs$cst$keyword$format:ll
cljs$cst$keyword$full_name:Ik
cljs$cst$keyword$gender:ul
cljs$cst$keyword$getDerivedStateFromError:Bj
cljs$cst$keyword$getDerivedStateFromProps:Nk
cljs$cst$keyword$getInitialState:Zj
cljs$cst$keyword$h1:ok
cljs$cst$keyword$h4:rk
cljs$cst$keyword$h4_DOT_card_DASH_title:Ek
cljs$cst$keyword$handler:rj
cljs$cst$keyword$handlers:Gj
cljs$cst$keyword$headers:zj
cljs$cst$keyword$href:pl
cljs$cst$keyword$id:bl
cljs$cst$keyword$input_DOT_input_DASH_group_DASH_text:dk
cljs$cst$keyword$interceptors:uk
cljs$cst$keyword$java:bk
cljs$cst$keyword$json:vk
cljs$cst$keyword$json_DASH_verbose:Xk
cljs$cst$keyword$key:Gk
cljs$cst$keyword$keyword_DASH_fn:cj
cljs$cst$keyword$keywordize_DASH_keys:gj
cljs$cst$keyword$keywords_QMARK_:hl
cljs$cst$keyword$li_DOT_list_DASH_group_DASH_item_DOT_list_DASH_group_DASH_item_DASH_action:jj
cljs$cst$keyword$meta:Sb
cljs$cst$keyword$method:Aj
cljs$cst$keyword$more_DASH_marker:Ei
cljs$cst$keyword$name:Xj
cljs$cst$keyword$no_DASH_cache:hk
cljs$cst$keyword$not_DASH_initialized:ql
cljs$cst$keyword$on_DASH_change:kj
cljs$cst$keyword$on_DASH_click:Pj
cljs$cst$keyword$on_DASH_dispose:vj
cljs$cst$keyword$on_DASH_set:ck
cljs$cst$keyword$on_DASH_submit:ol
cljs$cst$keyword$on_DASH_write:Fk
cljs$cst$keyword$original_DASH_text:nj
cljs$cst$keyword$params:tl
cljs$cst$keyword$parse:pk
cljs$cst$keyword$parse_DASH_error:ik
cljs$cst$keyword$placeholder:Yj
cljs$cst$keyword$policy_number:ak
cljs$cst$keyword$prefix:Tk
cljs$cst$keyword$print_DASH_length:Ub
cljs$cst$keyword$processing_DASH_request:ek
cljs$cst$keyword$progress_DASH_handler:gl
cljs$cst$keyword$raw:tk
cljs$cst$keyword$read:xj
cljs$cst$keyword$readably:Rb
cljs$cst$keyword$reader:yk
cljs$cst$keyword$reagentRender:Wj
cljs$cst$keyword$reagent_DASH_render:Bk
cljs$cst$keyword$render:lj
cljs$cst$keyword$request_DASH_received:fk
cljs$cst$keyword$response:Sk
cljs$cst$keyword$response_DASH_format:vl
cljs$cst$keyword$response_DASH_ready:il
cljs$cst$keyword$shouldComponentUpdate:Yk
cljs$cst$keyword$span_DOT_dropdown_DASH_item:wj
cljs$cst$keyword$status:Ij
cljs$cst$keyword$status_DASH_text:Ej
cljs$cst$keyword$style:sl
cljs$cst$keyword$submit:sj
cljs$cst$keyword$timeout:mj
cljs$cst$keyword$type:rl
cljs$cst$keyword$ul:Ak
cljs$cst$keyword$uri:Cj
cljs$cst$keyword$url_DASH_params:el
cljs$cst$keyword$val:Vi
cljs$cst$keyword$validator:Ok
cljs$cst$keyword$value:Rk
cljs$cst$keyword$vec_DASH_strategy:ij
cljs$cst$keyword$verified:Qk
cljs$cst$keyword$with_DASH_credentials:Uj
cljs$cst$keyword$write:Dj
cljs$cst$keyword$writer:dl
clojure$set$difference:Zl
clojure$string$join$cljs$0core$0IFn$0_invoke$0arity$02:El
clojure$string$replace:Dl
clojure$string$replace_all:Bl
clojure$string$replace_with:Cl
clojure$string$split$cljs$0core$0IFn$0_invoke$0arity$03:Fl
cognitect$transit$KeywordHandler:vp
cognitect$transit$ListHandler:xp
cognitect$transit$MapBuilder:sp
cognitect$transit$MapHandler:yp
cognitect$transit$SetHandler:zp
cognitect$transit$SymbolHandler:wp
cognitect$transit$UUIDHandler:Bp
cognitect$transit$VectorBuilder:tp
cognitect$transit$VectorHandler:Ap
cognitect$transit$WithMeta:Rh
cognitect$transit$WithMetaHandler:Cp
cognitect$transit$opts_merge:rp
cognitect$transit$reader$cljs$0core$0IFn$0_invoke$0arity$02:up
cognitect$transit$writer$cljs$0core$0IFn$0_invoke$0arity$02:Dp
com$cognitect$transit$caching$ReadCache:Yn
com$cognitect$transit$caching$WriteCache:Xn
com$cognitect$transit$caching$idxToCode:Wn
com$cognitect$transit$caching$isCacheable:Vn
com$cognitect$transit$eq$equals:$n
com$cognitect$transit$eq$hashArrayLike:go
com$cognitect$transit$eq$hashCode:fo
com$cognitect$transit$eq$hashCodeCounter:Zn
com$cognitect$transit$eq$hashCombine:ao
com$cognitect$transit$eq$hashMapLike:eo
com$cognitect$transit$eq$stringCodeCache:bo
com$cognitect$transit$eq$stringCodeCacheSize:co
com$cognitect$transit$handlers$ArrayHandler:So
com$cognitect$transit$handlers$BooleanHandler:Ro
com$cognitect$transit$handlers$BufferHandler:cp
com$cognitect$transit$handlers$DateHandler:Vo
com$cognitect$transit$handlers$Handlers:ep
com$cognitect$transit$handlers$IntegerHandler:Qo
com$cognitect$transit$handlers$KeywordHandler:Xo
com$cognitect$transit$handlers$MapHandler:To
com$cognitect$transit$handlers$NilHandler:No
com$cognitect$transit$handlers$NumberHandler:Po
com$cognitect$transit$handlers$StringHandler:Oo
com$cognitect$transit$handlers$SymbolHandler:Yo
com$cognitect$transit$handlers$TaggedHandler:Zo
com$cognitect$transit$handlers$TransitArrayMapHandler:ap
com$cognitect$transit$handlers$TransitMapHandler:bp
com$cognitect$transit$handlers$TransitSetHandler:$o
com$cognitect$transit$handlers$UUIDHandler:Wo
com$cognitect$transit$handlers$Uint8ArrayHandler:dp
com$cognitect$transit$handlers$VerboseDateHandler:Uo
com$cognitect$transit$handlers$ctorGuid:Io
com$cognitect$transit$handlers$ctorGuidProperty:Ko
com$cognitect$transit$handlers$padZeros:Mo
com$cognitect$transit$handlers$typeTag:Lo
com$cognitect$transit$impl$decoder$Decoder:Do
com$cognitect$transit$impl$decoder$Tag:Co
com$cognitect$transit$impl$reader$JSONUnmarshaller:Go
com$cognitect$transit$impl$reader$Reader:Ho
com$cognitect$transit$impl$writer$JSONMarshaller:fp
com$cognitect$transit$impl$writer$Writer:op
com$cognitect$transit$impl$writer$emitMap:mp
com$cognitect$transit$impl$writer$emitObjects:hp
com$cognitect$transit$impl$writer$isForeignObject:lp
com$cognitect$transit$impl$writer$isStringableKey:jp
com$cognitect$transit$impl$writer$marshal:ip
com$cognitect$transit$impl$writer$maybeQuoted:np
com$cognitect$transit$impl$writer$stringableKeys:kp
com$cognitect$transit$reader:pp
com$cognitect$transit$types$ITERATOR:ho
com$cognitect$transit$types$Keyword:mo
com$cognitect$transit$types$MAX_INT:ko
com$cognitect$transit$types$MIN_INT:lo
com$cognitect$transit$types$Symbol:no
com$cognitect$transit$types$TaggedValue:io
com$cognitect$transit$types$TransitArrayMap:uo
com$cognitect$transit$types$TransitArrayMapIterator:qo
com$cognitect$transit$types$TransitMap:to
com$cognitect$transit$types$TransitMapIterator:ro
com$cognitect$transit$types$TransitSet:Ao
com$cognitect$transit$types$UUID:po
com$cognitect$transit$types$hexFor:oo
com$cognitect$transit$types$map:zo
com$cognitect$transit$types$mapEquals:so
com$cognitect$transit$types$print:vo
com$cognitect$transit$types$printMap:wo
com$cognitect$transit$types$printSet:xo
com$cognitect$transit$types$set:Bo
com$cognitect$transit$types$taggedValue:jo
com$cognitect$transit$util$isArray:Tn
com$cognitect$transit$util$objectKeys:Sn
com$cognitect$transit$util$randHex:Un
com$cognitect$transit$writer:qp
cur$jscomp$inline_1771:Jr
docMode$jscomp$inline_1306:bq
goog:ba
goog$Disposable:eq
goog$Disposable$MonitoringMode$OFF:fq
goog$Timer$callOnce:Mq
goog$UID_PROPERTY_:na
goog$array$find:Ta
goog$array$forEach:Sa
goog$array$indexOf:Ra
goog$array$toArray:Wa
goog$bind:ra
goog$bindJs_:qa
goog$bindNative_:pa
goog$dom$TagName:Xa
goog$dom$TagName$APPLET:Ya
goog$dom$TagName$BASE:Za
goog$dom$TagName$EMBED:$a
goog$dom$TagName$IFRAME:ab
goog$dom$TagName$LINK:bb
goog$dom$TagName$MATH:cb
goog$dom$TagName$META:db
goog$dom$TagName$OBJECT:eb
goog$dom$TagName$SCRIPT:fb
goog$dom$TagName$STYLE:hb
goog$dom$TagName$SVG:ib
goog$dom$TagName$TEMPLATE:jb
goog$events$BrowserEvent:lq
goog$events$BrowserEvent$IE_POINTER_TYPE_MAP:mq
goog$events$BrowserFeature$HAS_W3C_EVENT_SUPPORT:hq
goog$events$BrowserFeature$PASSIVE_EVENTS:jq
goog$events$BrowserFeature$SET_KEY_CODE_TO_PREVENT_DEFAULT:iq
goog$events$Event:kq
goog$events$EventTarget:Kq
goog$events$LISTENER_MAP_PROP_:uq
goog$events$LISTENER_WRAPPER_PROP_:Jq
goog$events$Listenable$IMPLEMENTED_BY_PROP:nq
goog$events$ListenableKey$counter_:oq
goog$events$Listener:pq
goog$events$ListenerMap:rq
goog$events$ListenerMap$findListenerIndex_:sq
goog$events$fireListener:Iq
goog$events$fireListeners_:Hq
goog$events$getListenerMap_:Bq
goog$events$getOnString_:Dq
goog$events$getProxy:Cq
goog$events$handleBrowserEvent_:Eq
goog$events$listen:xq
goog$events$listenOnce:yq
goog$events$listen_:Aq
goog$events$listenerCountEstimate_:wq
goog$events$onStringMap_:vq
goog$events$unlisten:Fq
goog$events$unlistenByKey:Gq
goog$events$wrapListener:zq
goog$getUid:la
goog$global:ca
goog$inherits:sa
goog$isArray:fa
goog$isArrayLike:ha
goog$isFunction:ia
goog$isObject:ja
goog$labs$userAgent$platform$isIphone:Rp
goog$labs$userAgent$util$matchUserAgent:zb
goog$labs$userAgent$util$userAgent_:vb
goog$net$DefaultXmlHttpFactory:Rq
goog$net$XhrIo:Tq
goog$net$XhrIo$HTTP_SCHEME_PATTERN:Vq
goog$net$XhrIo$METHODS_WITH_FORM_DATA:Wq
goog$net$XhrIo$ResponseType$DEFAULT:Uq
goog$net$XhrIo$buildProgressEvent_:dr
goog$net$XhrIo$isContentTypeHeader_:Va
goog$net$XhrIo$shouldUseXhr2Timeout_:Zq
goog$net$XmlHttp$factory_:Qq
goog$net$XmlHttpFactory:Nq
goog$nullFunction:ea
goog$object$PROTOTYPE_FIELDS_:nb
goog$object$createSet:pb
goog$object$extend:ob
goog$object$get:mb
goog$object$getKeys:lb
goog$object$map:kb
goog$reflect$cache:va
goog$reflect$sinkValue:ta
goog$string$StringBuffer:Hb
goog$string$internal$caseInsensitiveContains:ub
goog$string$internal$compareElements_:wb
goog$string$internal$isEmptyOrWhitespace:sb
goog$string$internal$trim:tb
goog$string$splitLimit:Ab
goog$structs$Map:Db
goog$structs$Map$defaultEquals:Fb
goog$structs$forEach:Cb
goog$structs$getValues:Bb
goog$typeOf:p
goog$uidCounter_:oa
goog$uri$utils$splitRe_:Gb
goog$userAgent$EDGE:Up
goog$userAgent$GECKO:Vp
goog$userAgent$IE:Tp
goog$userAgent$OPERA:Sp
goog$userAgent$VERSION:Zp
goog$userAgent$WEBKIT:Wp
goog$userAgent$getDocumentMode_:Yp
goog$userAgent$isVersionOrHigher:cq
goog$userAgent$isVersionOrHigherCache_:wa
module$contents$goog$math$Long_Long:ya
module$contents$goog$math$Long_Long$fromBits:Ba
module$contents$goog$math$Long_Long$fromNumber:Ma
module$contents$goog$math$Long_Long$fromString:Qa
module$contents$goog$math$Long_MAX_VALUE_:Oa
module$contents$goog$math$Long_MIN_VALUE_:Ia
module$contents$goog$math$Long_NEG_ONE_:Ka
module$contents$goog$math$Long_ONE_:Ja
module$contents$goog$math$Long_ZERO_:La
module$node_modules$react$index:Al
module$node_modules$react_dom$index:fn
navigator$jscomp$inline_1302:Xp
navigator$jscomp$inline_256:xb
opt_object$jscomp$inline_1768:Hr
part$jscomp$inline_1772:Kr
parts$jscomp$inline_1770:Ir
patients_management_system$core$content:Gr
patients_management_system$core$error_handler:Ar
patients_management_system$core$formInput:Cr
patients_management_system$core$get_patients:Br
patients_management_system$core$handler:zr
patients_management_system$core$header:Er
patients_management_system$core$home_page:kn
patients_management_system$core$patient_data:Fr
patients_management_system$core$patient_form:Dr
patients_management_system$core$patients:yr
reagent$dom$render$cljs$0core$0IFn$0_invoke$0arity$03:jn
reagent$dom$render_comp:hn
reagent$dom$roots:gn
reagent$impl$batching$compare_mount_order:Rl
reagent$impl$batching$fake_raf:Pl
reagent$impl$batching$mount_count:Ol
reagent$impl$batching$next_tick:Ql
reagent$impl$batching$queue_render:Yl
reagent$impl$batching$ratom_flush:Sl
reagent$impl$batching$render_queue:Xl
reagent$impl$batching$run_funs:Tl
reagent$impl$component$_STAR_current_component_STAR_:tm
reagent$impl$component$as_element:wm
reagent$impl$component$built_in_static_method_names:ri
reagent$impl$component$camelify_map_keys:Dm
reagent$impl$component$create_class:Gm
reagent$impl$component$custom_wrapper:zm
reagent$impl$component$dash_to_method_name:Cm
reagent$impl$component$get_wrapper:Am
reagent$impl$component$map_to_js:Fm
reagent$impl$component$obligatory:Bm
reagent$impl$component$props_argv:um
reagent$impl$component$rat_opts:sm
reagent$impl$component$reagent_class_QMARK_:vm
reagent$impl$component$static_fns:ym
reagent$impl$component$wrap_funs:Em
reagent$impl$component$wrap_render:xm
reagent$impl$template$HiccupTag:Ym
reagent$impl$template$as_element:cn
reagent$impl$template$cache_get:Jm
reagent$impl$template$convert_custom_prop_value:Om
reagent$impl$template$convert_prop_value:Lm
reagent$impl$template$custom_kv_conv:Nm
reagent$impl$template$custom_prop_name_cache:Mm
reagent$impl$template$expand_seq:en
reagent$impl$template$find_dom_node:Pm
reagent$impl$template$get_key:Zm
reagent$impl$template$input_component_set_value:Sm
reagent$impl$template$input_handle_change:Tm
reagent$impl$template$input_node_set_value:Rm
reagent$impl$template$input_render_setup:Um
reagent$impl$template$input_spec:Xm
reagent$impl$template$key_from_vec:$m
reagent$impl$template$kv_conv:Km
reagent$impl$template$make_element:Wm
reagent$impl$template$native_element:bn
reagent$impl$template$prop_name_cache:Im
reagent$impl$template$re_tag:Hm
reagent$impl$template$reagent_input_class:Vm
reagent$impl$template$tag_name_cache:an
reagent$impl$template$these_inputs_have_selection_api:Qm
reagent$impl$template$vec_to_elem:dn
reagent$impl$util$_STAR_always_update_STAR_:Nl
reagent$impl$util$capitalize:Il
reagent$impl$util$class_names:Ml
reagent$impl$util$dash_to_prop_name:Jl
reagent$impl$util$dont_camel_case:Hl
reagent$impl$util$fun_name:Kl
reagent$impl$util$is_client:Gl
reagent$impl$util$named_QMARK_:Ll
reagent$ratom$RAtom:jm
reagent$ratom$Reaction:mm
reagent$ratom$_STAR_ratom_context_STAR_:$l
reagent$ratom$add_w:cm
reagent$ratom$atom:km
reagent$ratom$deref_capture:am
reagent$ratom$dispose_BANG_:lm
reagent$ratom$flush_BANG_:hm
reagent$ratom$handle_reaction_change:ed
reagent$ratom$make_reaction:pm
reagent$ratom$notify_deref_watcher_BANG_:bm
reagent$ratom$notify_w:em
reagent$ratom$pr_atom:fm
reagent$ratom$rea_queue:gm
reagent$ratom$remove_w:dm
reagent$ratom$run_in_reaction:rm
reagent$ratom$temp_reaction:qm
rhex$jscomp$inline_1233:Jo
shadow$js$files:wl
shadow$js$jsRequire:zl
shadow$js$nativeRequires:xl
shadow$js$requireStack:yl
userAgent$jscomp$inline_257:yb
version$jscomp$inline_1304:$p
xmlhttprequest$jscomp$inline_1414:vr
