Buffer:md
ESC:hf
__extmap:J
__hash:A
__meta:qa
_entries:ka
_hash:ac
_keys:bc
_marshaller:rc
_meta:fb
_name:va
_next:Na
_rest:nd
_seq:sc
accesses:ce
active_:cc
actualEventTarget_:Ge
add_left:de
add_right:ee
afn:o
afterRender:Qc
ajax$protocols$AjaxImpl$_js_ajax_request$arity$3:od
ajax$protocols$AjaxResponse$_body$arity$1:pd
ajax$protocols$AjaxResponse$_get_all_headers$arity$1:qd
ajax$protocols$AjaxResponse$_get_response_header$arity$2:rd
ajax$protocols$AjaxResponse$_status$arity$1:sd
ajax$protocols$AjaxResponse$_status_text$arity$1:td
ajax$protocols$AjaxResponse$_was_aborted$arity$1:ud
ajax$protocols$Interceptor$_process_request$arity$2:tc
ajax$protocols$Interceptor$_process_response$arity$2:uc
arr:h
arrayBuilder:dc
ascending_QMARK_:Pb
auto_run:gb
backingMap:ia
balance_left:fe
balance_right:ge
base_count:he
beforeFlush:He
bitmap:ma
blacken:mb
bucket:Qb
bucketIdx:Lb
buf:vd
buffer_:Rb
cacheSize:Ie
cachedOptions_:ie
callOnce:Rc
caught:wd
chunk:ya
chunk_next:vc
ci:wc
cljs$core$APersistentVector$:xd
cljs$core$Fn$:Je
cljs$core$IAssociative$:jf
cljs$core$IAssociative$_assoc$arity$3:za
cljs$core$IChunk$_drop_first$arity$1:yd
cljs$core$IChunkedNext$_chunked_next$arity$1:zd
cljs$core$IChunkedSeq$:kf
cljs$core$IChunkedSeq$_chunked_first$arity$1:Sc
cljs$core$IChunkedSeq$_chunked_rest$arity$1:ec
cljs$core$ICloneable$_clone$arity$1:Da
cljs$core$ICollection$:lf
cljs$core$ICollection$_conj$arity$2:ca
cljs$core$ICounted$:Ke
cljs$core$ICounted$_count$arity$1:V
cljs$core$IDeref$_deref$arity$1:fc
cljs$core$IEditableCollection$:Le
cljs$core$IEditableCollection$_as_transient$arity$1:hc
cljs$core$IEmptyableCollection$:Me
cljs$core$IEmptyableCollection$_empty$arity$1:ha
cljs$core$IEncodeClojure$:mf
cljs$core$IEncodeClojure$_js__GT_clj$arity$2:Ne
cljs$core$IEncodeJS$:Oe
cljs$core$IEncodeJS$_clj__GT_js$arity$1:Pe
cljs$core$IEquiv$_equiv$arity$2:D
cljs$core$IFind$_find$arity$2:nb
cljs$core$IFn$:nf
cljs$core$IFn$_invoke$arity$0:F
cljs$core$IFn$_invoke$arity$1:a
cljs$core$IFn$_invoke$arity$10:ob
cljs$core$IFn$_invoke$arity$11:pb
cljs$core$IFn$_invoke$arity$12:qb
cljs$core$IFn$_invoke$arity$13:rb
cljs$core$IFn$_invoke$arity$14:sb
cljs$core$IFn$_invoke$arity$15:tb
cljs$core$IFn$_invoke$arity$16:ub
cljs$core$IFn$_invoke$arity$17:vb
cljs$core$IFn$_invoke$arity$18:wb
cljs$core$IFn$_invoke$arity$19:xb
cljs$core$IFn$_invoke$arity$2:g
cljs$core$IFn$_invoke$arity$20:yb
cljs$core$IFn$_invoke$arity$22:je
cljs$core$IFn$_invoke$arity$3:j
cljs$core$IFn$_invoke$arity$4:I
cljs$core$IFn$_invoke$arity$5:da
cljs$core$IFn$_invoke$arity$6:Sa
cljs$core$IFn$_invoke$arity$7:zb
cljs$core$IFn$_invoke$arity$8:Ab
cljs$core$IFn$_invoke$arity$9:Bb
cljs$core$IFn$_invoke$arity$variadic:C
cljs$core$IHash$:Ad
cljs$core$IHash$_hash$arity$1:P
cljs$core$IIndexed$:ke
cljs$core$IIndexed$_nth$arity$2:K
cljs$core$IIndexed$_nth$arity$3:aa
cljs$core$IIterable$:pf
cljs$core$IIterable$_iterator$arity$1:Ea
cljs$core$IKVReduce$:qf
cljs$core$IKVReduce$_kv_reduce$arity$3:hb
cljs$core$IList$:rf
cljs$core$ILookup$:Qe
cljs$core$ILookup$_lookup$arity$2:S
cljs$core$ILookup$_lookup$arity$3:G
cljs$core$IMap$:sf
cljs$core$IMap$_dissoc$arity$2:Mb
cljs$core$IMapEntry$:tf
cljs$core$IMapEntry$_key$arity$1:Bd
cljs$core$IMapEntry$_val$arity$1:Cd
cljs$core$IMeta$:Re
cljs$core$IMeta$_meta$arity$1:W
cljs$core$INamed$:le
cljs$core$INext$:xc
cljs$core$INext$_next$arity$1:wa
cljs$core$IPrintWithWriter$:ea
cljs$core$IPrintWithWriter$_pr_writer$arity$3:O
cljs$core$IRecord$:uf
cljs$core$IReduce$:Se
cljs$core$IReduce$_reduce$arity$2:ra
cljs$core$IReduce$_reduce$arity$3:sa
cljs$core$IReset$_reset_BANG_$arity$2:Ta
cljs$core$IReversible$:vf
cljs$core$IReversible$_rseq$arity$1:Cb
cljs$core$ISeq$:ba
cljs$core$ISeq$_first$arity$1:ta
cljs$core$ISeq$_rest$arity$1:xa
cljs$core$ISeqable$:me
cljs$core$ISeqable$_seq$arity$1:U
cljs$core$ISequential$:ne
cljs$core$ISet$:wf
cljs$core$ISet$_disjoin$arity$2:Dd
cljs$core$IStack$_peek$arity$1:Db
cljs$core$IStack$_pop$arity$1:Eb
cljs$core$ISwap$_swap_BANG_$arity$2:Ed
cljs$core$ISwap$_swap_BANG_$arity$3:Fd
cljs$core$ISwap$_swap_BANG_$arity$4:Gd
cljs$core$ISwap$_swap_BANG_$arity$5:Hd
cljs$core$ITransientAssociative$_assoc_BANG_$arity$3:ic
cljs$core$ITransientCollection$_conj_BANG_$arity$2:jc
cljs$core$ITransientCollection$_persistent_BANG_$arity$1:yc
cljs$core$IVector$:xf
cljs$core$IVector$_assoc_n$arity$3:Ua
cljs$core$IWatchable$_add_watch$arity$3:Tc
cljs$core$IWatchable$_notify_watches$arity$3:Id
cljs$core$IWatchable$_remove_watch$arity$2:Uc
cljs$core$IWithMeta$_with_meta$arity$2:X
cljs$core$IWriter$_write$arity$2:oe
cljs$lang$applyTo:N
cljs$lang$ctorPrWriter:pe
cljs$lang$ctorStr:zc
cljs$lang$maxFixedArity:M
cljs$lang$protocol_mask$partition$:Jd
cljs$lang$protocol_mask$partition0$:l
cljs$lang$protocol_mask$partition1$:H
cljs$lang$type:Kd
cljsDOMValue:Vc
cljsInputDirty:qe
cljsInputLive:Ld
cljsLegacyRender:Te
cljsMountOrder:re
cljsReactClass:se
cljsRenderedValue:Ue
cljsState:Ve
cnt:v
coll:Wc
collision_hash:Fb
com$cognitect$transit$equals:Pa
com$cognitect$transit$hashCode:Va
comp:Oa
completed:Md
componentQueue:Xc
content_type:Wa
count_:Gb
custom:We
decoder:Xe
defaultHandler:Nd
defaults:Ac
dirty_QMARK_:Nb
disposed_:Od
edit:ja
editable_QMARK_:kc
ensure_editable:Sb
equals:ib
errorDispatched_:Pd
eventTargetListeners_:Tb
event_:Bc
ext_map_iter:te
f:lc
fields:Ye
finalize:Yc
fn:Cc
fqn:Ja
fromArray:Ub
front:Ha
fseq:mc
gen:Dc
getKeys:jb
getListener:Qd
getValues:Ec
handler:Ob
handlerForForeign:Fc
handlers:Aa
hasNext:fa
has_nil_QMARK_:Fa
hashCode:la
hash_map:kb
high_:ga
i:B
idx:oa
ieProgId_:ue
inAbort_:Gc
inOpen_:Rd
inSend_:Zc
init:nc
inode_assoc:Xa
inode_assoc_BANG_:Ya
inode_find:Hc
inode_lookup:Vb
inode_seq:Ic
inode_without:Jc
isEmpty:$c
iter:oc
keySet:Wb
keys_:Ia
kv_reduce:Xb
lastErrorCode_:pc
lastError_:ad
lastUri_:Sd
len:Yb
listeners:Qa
low_:na
mapBuilder:Ra
map_:Hb
marshaller:Ze
meta7974:$e
more:Za
mseq:Y
multi:af
next_entry:Kc
next_iter:$a
nil_val:Ba
nocache_QMARK_:ve
nodes:ab
ns:Lc
obj:Td
objectBuilder:we
off:Ca
onProgressHandler_:xe
onReadyStateChangeEntryPoint_:bf
onReadyStateChange_:ye
on_dispose:ze
on_dispose_arr:yf
on_set:cf
opts:Ib
parentEventTarget_:Ae
preferBuffers:Ud
preferStrings:bd
progressEventsEnabled_:Be
propagationStopped_:Zb
reagent$ratom$IDisposable$dispose_BANG_$arity$1:Vd
reagentRender:Wd
rear:Ka
record:df
redden:Mc
removed:qc
rep:Z
responseType_:cd
rest:bb
returnValue_:Ce
riter:Nc
root_iter:De
s:R
sb:ef
scheduled_QMARK_:dd
seen:Xd
sourceIter:Yd
str:La
stringRep:pa
superClass_:Ee
tagName_:ff
timeoutId_:ed
timeoutInterval_:Oc
timeout_:Fe
transient_map:Jb
tree:lb
tree_map:cb
typeCount_:fd
unicode:zf
unmarshaller:gf
unpack:gd
useXhr2Timeout_:Zd
uuid:Kb
v:ua
val:s
validator:$d
vals:hd
vec:Ma
verbose:Pc
watches:Ga
watchesArr:ae
watching:$b
withCredentials_:be
xf:eb
xform:jd
xhrOptions_:kd
xhr_:T
xmlHttpFactory_:ld
